---
source: crates/pixi-build-rattler-build/src/protocol.rs
expression: "serde_json::to_string_pretty(&value).unwrap()"
input_file: tests/recipe/pin-subpackage-variants/recipe.yaml
---
{
  "outputs": [
    {
      "identifier": {
        "name": "my-package",
        "version": "0.1.0",
        "build": "py38hb368f13_0",
        "buildNumber": 0,
        "subdir": "noarch",
        "noarch": "generic"
      },
      "hostDependencies": {
        "depends": [
          {
            "name": "python",
            "binary": {
              "version": "3.8.*"
            }
          }
        ]
      }
    },
    {
      "identifier": {
        "name": "my-package-pinned",
        "version": "0.1.0",
        "build": "h1670b25_0",
        "buildNumber": 0,
        "subdir": "noarch",
        "noarch": "generic"
      },
      "runDependencies": {
        "depends": [
          {
            "name": "my-package",
            "source": {
              "Path": {
                "path": "."
              }
            }
          }
        ]
      }
    },
    {
      "identifier": {
        "name": "my-package",
        "version": "0.1.0",
        "build": "py39h6a44458_0",
        "buildNumber": 0,
        "subdir": "noarch",
        "noarch": "generic"
      },
      "hostDependencies": {
        "depends": [
          {
            "name": "python",
            "binary": {
              "version": "3.9.*"
            }
          }
        ]
      }
    },
    {
      "identifier": {
        "name": "my-package-pinned",
        "version": "0.1.0",
        "build": "h11d4084_0",
        "buildNumber": 0,
        "subdir": "noarch",
        "noarch": "generic"
      },
      "runDependencies": {
        "depends": [
          {
            "name": "my-package",
            "source": {
              "Path": {
                "path": "."
              }
            }
          }
        ]
      }
    },
    {
      "identifier": {
        "name": "my-package",
        "version": "0.1.0",
        "build": "py310hbede2c2_0",
        "buildNumber": 0,
        "subdir": "noarch",
        "noarch": "generic"
      },
      "hostDependencies": {
        "depends": [
          {
            "name": "python",
            "binary": {
              "version": "3.10.*"
            }
          }
        ]
      }
    },
    {
      "identifier": {
        "name": "my-package-pinned",
        "version": "0.1.0",
        "build": "hba4f637_0",
        "buildNumber": 0,
        "subdir": "noarch",
        "noarch": "generic"
      },
      "runDependencies": {
        "depends": [
          {
            "name": "my-package",
            "source": {
              "Path": {
                "path": "."
              }
            }
          }
        ]
      }
    }
  ],
  "inputGlobs": [
    "variants.yaml"
  ]
}
